bcbp: Invalid data format:
  boarding pass data:
  | "M1DESMARAIS/LUC       EABC123 YULFRAAC 0834 326J001A0025 167>5321WW1325BAC 0014123456002001412346700100141234789012A 141234567890 1AC AC 1234567890123    4PCYLX58Z"
  |                                                                                                                      ^ got " 14"
  |
  = reason: data for "Airline Numeric Code" must be 3 digits with leading zeroes
