bcbp: Invalid data format:
  boarding pass data:
  | "M1DESMARAIS/LUC       EABC123 YULFRAAC 0834 326J001AA025 100"
  |                                                      ^ got "A025 "
  |
  = reason: data for "Check-in Sequence Number" must be 4 digits with leading zeroes followed by an optional alpha or whitespace
