bcbp: Invalid data format:
  boarding pass data:
  | "M1DESMARAIS/LUC       EABC123 YULFRAAC 0834 326J001A0025 167>5321WWA325BAC 0014123456002001412346700100141234789012A0141234567890 1AC AC 1234567890123    4PCYLX58Z"
  |                                                                     ^ got "A325"
  |
  = reason: data for "Date of Issue of Boarding Pass (Julian Date)" must be 4 digits with leading zeroes with last 3 digits having maximum value of 365 (366 for leap years)
