bcbp: Insufficient data:
  boarding pass data:
  | ""
  | ^ got "0" character(s)
  |
  = reason: boarding pass data must have at least 60 characters
