bcbp: Invalid data format:
  boarding pass data:
  | "M1DESMARAIS/LUC       EABC123 YULFRAAC 0834 326J001A0025 106>500005"
  |                                                                    ^ got "5"
  |
  = reason: data for "Beginning of Security data" must be "^"
