bcbp: Invalid data format:
  boarding pass data:
  | "M1DESMARAIS/LUC       EABC123 YULFRAAC 08340326J001A0025 100"
  |                                         ^ got "08340"
  |
  = reason: data for "Flight Number" must be 4 digits with leading zeroes followed by an optional alpha suffix or whitespace
