bcbp: Invalid data format:
  boarding pass data:
  | "M1DESMARAIS/LUC       EABC123 YULFRAAC 0834 326J001A0025 167>5321WW1325BAC 0014123456002001412346700100141234789012A0141234567890 1AC AC !234567890123    4PCYLX58Z"
  |                                                                                                                                           ^ got "!234567890123   "
  |
  = reason: data for "Frequent Flyer Number" must be 16 alphanumeric characters with trailing whitespaces
