bcbp: Invalid data format:
  boarding pass data:
  | "M1DESMARAIS/LUC       EABC123 YULFRAAC 0834 326J001A0025 167>5321WW1325BAC 0014123456002001412346700100141234789012A0141234567890 1!C AC 1234567890123    4PCYLX58Z"
  |                                                                                                                                     ^ got "!C "
  |
  = reason: data for "Marketing Carrier Designator" must be 3 alphanumeric characters with trailing whitespaces
