bcbp: Invalid data format:
  boarding pass data:
  | "M1@ESMARAIS/LUC       EABC123 YULFRAAC 0834 326J001A0025 100"
  |    ^ got "@ESMARAIS/LUC       "
  |
  = reason: data for "Passenger Name" must be 20 characters with trailing whitespaces where the last name must be at most 18 characters followed by "/" and an alpha initial
