bcbp: Invalid data format:
  boarding pass data:
  | "M1DESMARAIS/LUC       EABC123 YULFRAAC 0834 326J001A0025 !00"
  |                                                           ^ got "!"
  |
  = reason: data for "Passenger Status" must be an alphanumeric character
