bcbp: Invalid data format:
  boarding pass data:
  | "M1DESMARAIS/LUC       EABC123 YULFRAAC 0834 326J001A0025 167>5321WW1325BAC 001412345600200141234670010!141234789012A0141234567890 1AC AC 1234567890123    4PCYLX58Z"
  |                                                                                                       ^ got "0!14123478901"
  |
  = reason: data for "2nd Non-Consecutive Baggage Tag License Plate Number" must be 13 numeric characters
