{
  "format_code": "M",
  "number_of_legs_encoded": 1,
  "passenger_name": "DESMARAIS/LUC",
  "electronic_ticket_indicator": "E",
  "legs": [
    {
      "operating_carrier_pnr_code": "ABC123",
      "from_city_airport_code": "YUL",
      "to_city_airport_code": "FRA",
      "operating_carrier_designator": "AC",
      "flight_number": "0834",
      "date_of_flight": "2023-11-22",
      "compartment_code": "J",
      "seat_number": "001A",
      "check_in_sequence_number": "0025",
      "passenger_status": "1"
    }
  ]
}